
> monk-mode-web@0.1.0 build
> next build

Ôû▓ Next.js 16.1.6 (Turbopack)
- Environments: .env.local

  Creating an optimized production build ...
Ô£ô Compiled successfully in 4.0s
  Running TypeScript ...
  Collecting page data using 15 workers ...
  Generating static pages using 15 workers (0/9) ...
node.exe : Error occurred 
prerendering page "/_not-found". 
Read more: https://nextjs.org/doc
s/messages/prerender-error
En línea: 1 Carácter: 1
+ & "C:\Program 
Files\nodejs/node.exe" 
"C:\Program Files\nodejs/node_mo 
...
+ ~~~~~~~~~~~~~~~~~~~~~~~~~~~~~~~
~~~~~~~~~~~~~~~~~~~~~~~~~~~~~~~~~
~~~~~
    + CategoryInfo          : No 
   tSpecified: (Error occurred   
  ...prerender-error:String) [   
 ], RemoteException
    + FullyQualifiedErrorId : Na 
   tiveCommandError
 
Error [FirebaseError]: Firebase: 
Error (auth/invalid-api-key).
    at bC (C:\MonkMode\monk-mode-
web\.next\server\chunks\ssr\[root
-of-the-server]__eea41e3a._.js:3:
326693)
    at bD (C:\MonkMode\monk-mode-
web\.next\server\chunks\ssr\[root
-of-the-server]__eea41e3a._.js:3:
326742)
    at $.instanceFactory (C:\Monk
Mode\monk-mode-web\.next\server\c
hunks\ssr\[root-of-the-server]__e
ea41e3a._.js:3:375354)
    at aa.getOrInitializeService 
(C:\MonkMode\monk-mode-web\.next\
server\chunks\ssr\[root-of-the-se
rver]__eea41e3a._.js:3:306979)
    at aa.initialize (C:\MonkMode
\monk-mode-web\.next\server\chunk
s\ssr\[root-of-the-server]__eea41
e3a._.js:3:306387)
    at cM (C:\MonkMode\monk-mode-
web\.next\server\chunks\ssr\[root
-of-the-server]__eea41e3a._.js:3:
364140)
    at ds (C:\MonkMode\monk-mode-
web\.next\server\chunks\ssr\[root
-of-the-server]__eea41e3a._.js:3:
375991)
    at module evaluation (C:\Monk
Mode\monk-mode-web\.next\server\c
hunks\ssr\[root-of-the-server]__e
ea41e3a._.js:14:66541)
    at instantiateModule (C:\Monk
Mode\monk-mode-web\.next\server\c
hunks\ssr\[turbopack]_runtime.js:
740:9)
    at 
getOrInstantiateModuleFromParent 
(C:\MonkMode\monk-mode-web\.next\
server\chunks\ssr\[turbopack]_run
time.js:763:12) {
  code: 'auth/invalid-api-key',
  customData: [Object],
  digest: '1269890840'
}
Export encountered an error on 
/_not-found/page: /_not-found, 
exiting the build.
Ô¿» Next.js build worker exited 
with code: 1 and signal: null
